// Jest Snapshot v1, https://goo.gl/fbAQLP

exports[`MenuItems component should match snapshot 1`] = `
<body>
  <div />
</body>
`;
